// Jest Snapshot v1, https://goo.gl/fbAQLP

exports[`shows options 1`] = `
<DocumentFragment>
  <form
    action="#"
  >
    <div>
      <div
        class="formGroup form-group row"
      >
        <label
          class="label form-label col-form-label col-xl-2 col-lg-3"
          for="test.config.databaseId"
        >
          Database
        </label>
        <div
          class="col-xl-10 col-lg-9"
        >
          <div
            class=" css-b62m3t-container"
          >
            <span
              class="css-1f43avz-a11yText-A11yText"
              id="react-select-2-live-region"
            />
            <span
              aria-atomic="false"
              aria-live="polite"
              aria-relevant="additions text"
              class="css-1f43avz-a11yText-A11yText"
            />
            <div
              class=" css-1s2u09g-control"
            >
              <div
                class=" css-319lph-ValueContainer"
              >
                <div
                  class=" css-14el2xx-placeholder"
                  id="react-select-2-placeholder"
                >
                  Select...
                </div>
                <div
                  class=" css-6j8wv5-Input"
                  data-value=""
                >
                  <input
                    aria-autocomplete="list"
                    aria-controls="react-select-2-listbox"
                    aria-describedby="react-select-2-placeholder"
                    aria-expanded="false"
                    aria-haspopup="true"
                    aria-owns="react-select-2-listbox"
                    autocapitalize="none"
                    autocomplete="off"
                    autocorrect="off"
                    class=""
                    id="test.config.databaseId"
                    role="combobox"
                    spellcheck="false"
                    style="opacity: 1; width: 100%; grid-area: 1 / 2; min-width: 2px; border: 0px; margin: 0px; outline: 0; padding: 0px;"
                    tabindex="0"
                    type="text"
                    value=""
                  />
                </div>
              </div>
              <div
                class=" css-1hb7zxy-IndicatorsContainer"
              >
                <span
                  class=" css-1okebmr-indicatorSeparator"
                />
                <div
                  aria-hidden="true"
                  class=" css-tlfecz-indicatorContainer"
                >
                  <svg
                    aria-hidden="true"
                    class="css-tj5bde-Svg"
                    focusable="false"
                    height="20"
                    viewBox="0 0 20 20"
                    width="20"
                  >
                    <path
                      d="M4.516 7.548c0.436-0.446 1.043-0.481 1.576 0l3.908 3.747 3.908-3.747c0.533-0.481 1.141-0.446 1.574 0 0.436 0.445 0.408 1.197 0 1.615-0.406 0.418-4.695 4.502-4.695 4.502-0.217 0.223-0.502 0.335-0.787 0.335s-0.57-0.112-0.789-0.335c0 0-4.287-4.084-4.695-4.502s-0.436-1.17 0-1.615z"
                    />
                  </svg>
                </div>
              </div>
            </div>
            <input
              name="test.config.databaseId"
              type="hidden"
              value=""
            />
          </div>
        </div>
      </div>
      <div
        class="formGroup form-group row"
      >
        <label
          class="label form-label col-form-label col-xl-2 col-lg-3"
          for="test.config.key"
        >
          Key
        </label>
        <div
          class="col-xl-10 col-lg-9"
        >
          <div
            class="root"
          >
            <div
              class="field"
            >
              <textarea
                class="form-control"
                id="test.config.key"
                name="test.config.key"
                rows="1"
              />
            </div>
            <div
              class="dropdown dropdown"
              data-test-selected="Text"
              data-testid="toggle-test.config.key"
            >
              <button
                aria-expanded="false"
                aria-haspopup="true"
                class="dropdown-toggle btn btn-link"
                type="button"
              >
                <span
                  class="symbol"
                >
                  <svg
                    class="root"
                  />
                </span>
              </button>
            </div>
          </div>
          <small
            class="text-muted form-text"
          >
            The unique key for the record
          </small>
        </div>
      </div>
      <div
        class="formGroup form-group row"
      >
        <label
          class="label form-label col-form-label col-xl-2 col-lg-3"
          for="test.config.missingKey"
        >
          Missing Behavior
        </label>
        <div
          class="col-xl-10 col-lg-9"
        >
          <div
            class="root"
          >
            <div
              class="field"
            >
              <div
                role="button"
                tabindex="0"
              >
                <input
                  class="form-control"
                  disabled=""
                  id="test.config.missingKey"
                  name="test.config.missingKey"
                  value=""
                />
              </div>
            </div>
            <div
              class="dropdown dropdown"
              data-test-selected="Exclude"
              data-testid="toggle-test.config.missingKey"
            >
              <button
                aria-expanded="false"
                aria-haspopup="true"
                class="dropdown-toggle btn btn-link"
                type="button"
              >
                <span
                  class="symbol"
                >
                  <svg
                    class="root"
                  />
                </span>
              </button>
            </div>
          </div>
          <small
            class="text-muted form-text"
          >
            Behavior if the key does not exist
          </small>
        </div>
      </div>
    </div>
    <button
      type="submit"
    >
      Submit
    </button>
  </form>
</DocumentFragment>
`;
